╭────────────────────────────────────────────────────────────────────────────────────╮
│ / to search files...                                                               │
╰────────────────────────────────────────────────────────────────────────────────────╯
  3 files in 3 directories
> ~/.bashrc
  ~/.config/nvim/init.lua
  ~/.config/nvim/lua/plugins.lua