╭────────────────────────────────────────────────────────────────────────────────────╮
│ / to search files...                                                               │
╰────────────────────────────────────────────────────────────────────────────────────╯
  3 files in 3 directories
  ▼ .config [2 files]
  └── ▶ nvim [2 files]
  .bashrc