









                                         ██████ ██   ██ ███████ ██████ ██ ████████
                                        ██      ██   ██ ██         ███ ██    ██
                                        ██      ███████ █████     ███  ██    ██
                                        ██      ██   ██ ██       ███   ██    ██
                                         ██████ ██   ██ ███████ ██████ ██    ██
                                                   chezmoi TUI manager

                                        ╭──────────────────────────────────────╮
                                        │    —                 0 managed       │
                                        │                                      │
                                        │             all in sync              │
                                        ╰──────────────────────────────────────╯

                               1 > Status        View changes and manage git staging
                               2   Files         Browse and edit managed dotfiles
                               3   Info          View configuration, data, and diagnostics
                               4   Commands      Run common chezmoi operations

                                       ↑/↓ navigate  1-4 jump  enter open  q quit