╭──────────────────────────────────────────────────────────────────────────────────────────────────────────────────╮
│ / to search files...                                                                                             │
╰──────────────────────────────────────────────────────────────────────────────────────────────────────────────────╯

  ▼ Incoming [f fetch] (0)
  ▼ Local Drift (2)
    M·  ~/.bashrc
    M·  ~/.config/starship.toml (tmpl)
  ▼ Unstaged (0)
  ▼ Staged (0)
  ▼ Unpushed Commits (0)