╭──────────────────────────────────────────────────────────────────────────────────────────────────────────────────╮
│ / to search files...                                                                                             │
╰──────────────────────────────────────────────────────────────────────────────────────────────────────────────────╯

  No changes