╭──────────────────────────────────────────────────────────────────────────────────────────────────────────────────╮
│ / to search files...                                                                                             │
╰──────────────────────────────────────────────────────────────────────────────────────────────────────────────────╯
  main · upstream unreachable
  ▼ Incoming [f fetch] (0)
  ▼ Local Drift (0)
  ▼ Unstaged (0)
  ▼ Staged (0)
  ▼ Unpushed Commits (0)