╭──────────────────────────────────────────────────────────────────────────────────────────────────────────────────╮
│ / to search files...                                                                                             │
╰──────────────────────────────────────────────────────────────────────────────────────────────────────────────────╯
  main · ↓2 · fetched 2m ago
  ▼ Incoming [f fetch] (0)
  ▼ Local Drift (0)
  ▼ Unstaged (0)
  ▼ Staged (0)
  ▼ Unpushed Commits (0)