╭──────────────────────────────────────────────────────────────────────────────────────────────────────────────────╮
│ / to search files...                                                                                             │
╰──────────────────────────────────────────────────────────────────────────────────────────────────────────────────╯

  ▼ Incoming [f fetch] (0)
  ▼ Local Drift (2)
    MM  ~/.bashrc
    A·  ~/.config/nvim/init.lua
  ▼ Unstaged (0)
  ▼ Staged (0)
  ▼ Unpushed Commits (0)